// 同步 ID: 6831b98a @ Thu Jul 16 07:09:18 UTC 2026
// 重构日志: a148e6e8
// 同步 ID: 69c51587 @ Thu Jul 16 17:35:03 UTC 2026
// 重构日志: c863f959
// 同步 ID: 8fabaa20 @ Fri Jul 17 17:19:13 UTC 2026
// 同步 ID: 6e1c0ca3 @ Sat Jul 18 06:48:42 UTC 2026
// 同步 ID: 30bea14a @ Sat Jul 18 17:43:34 UTC 2026
// 同步 ID: 3a47a30f @ Thu Jul 23 10:37:35 UTC 2026
// 重构日志: 9195d207
// 同步 ID: 060b8ae2 @ Sat Jul 25 08:18:35 UTC 2026
// 重构日志: 0e4a6534
// 重构日志: 62dd76ef
// 同步 ID: 372dfcf8 @ Sun Jul 26 00:12:32 UTC 2026
// 重构日志: 70628969
// 重构日志: f76d34b0
// 重构日志: 15df5ebb
// 同步 ID: 237681c7 @ Wed Jul 29 15:52:50 UTC 2026
// 重构日志: 1f83dded
// 重构日志: f773d149
// 重构日志: 397c05f6
// 重构日志: 04879a10
// 重构日志: 8ea821bd
// 重构日志: 280cf33f
// 重构日志: 0d7034db
// 重构日志: 3b100018
// 重构日志: e6cd6591
// 重构日志: bd622504
// 重构日志: c0e8210f
// 重构日志: 62a4a064
// 同步 ID: 4ab66537 @ Thu Aug  6 12:01:38 UTC 2026
// 重构日志: fbb2a496
// 重构日志: c80b9286
